<html>
<body>
<pre>
<h1>µVision Build Log</h1>
<h2>Project:</h2>
C:\Keil\Labware\Lab7_HeartBlock\Lab7.uvproj
Project File Date:  04/03/2020

<h2>Output:</h2>
Rebuild target 'Lab7'
assembling startup.s...
compiling main.c...
linking...
Program Size: Code=4288 RO-data=6156 RW-data=84 ZI-data=1756  
".\Lab7.axf" - 0 Error(s), 0 Warning(s).
</pre>
</body>
</html>
Size: Code=4288 RO-data=6156 RW-data=84 ZI-data=1756  
".\Lab7.axf" - 0 Error(s), 1 Warning(s).
 Delay1ms(2500000000);
main.c: 3 warnings, 0 errors
linking...
Program Size: Code=4288 RO-data=6156 RW-data=84 ZI-data=1756  
".\Lab7.axf" - 0 Error(s), 3 Warning(s).
rs
linking...
Program Size: Code=4288 RO-data=6156 RW-data=84 ZI-data=1756  
".\Lab7.axf" - 0 Error(s), 4 Warning(s).
